// Jest Snapshot v1, https://goo.gl/fbAQLP

exports[`Announcements component render skip link 1`] = `
<div>
  Skip to list of 10 announcements
</div>
`;

exports[`Announcements component render test announcements 1`] = `
<div
  className="announcements-list"
>
  <div
    className="announcement"
    dangerouslySetInnerHTML={
      {
        "__html": "Test Announcement 1",
      }
    }
  />
  <div
    className="announcement"
    dangerouslySetInnerHTML={
      {
        "__html": "Bold <b>Announcement 2</b>",
      }
    }
  />
  <div
    className="announcement"
    dangerouslySetInnerHTML={
      {
        "__html": "Test Announcement 3",
      }
    }
  />
  <div
    className="announcement"
    dangerouslySetInnerHTML={
      {
        "__html": "Test Announcement 4",
      }
    }
  />
  <div
    className="announcement"
    dangerouslySetInnerHTML={
      {
        "__html": "Test Announcement 5",
      }
    }
  />
  <div
    className="announcement"
    dangerouslySetInnerHTML={
      {
        "__html": "Test Announcement 6",
      }
    }
  />
  <div>
    <button
      className="announcement-button next btn"
      onBlur={[Function]}
      onClick={[Function]}
      onKeyDown={[Function]}
      type="button"
    >
      next â†’
    </button>
    <span
      className="sr-only"
    >
      1 - 5) of 6
    </span>
  </div>
</div>
`;
